// Jest Snapshot v1, https://goo.gl/fbAQLP

exports[`paygov form  Should match the snapshot 1`] = `ShallowWrapper {}`;
