// Jest Snapshot v1, https://goo.gl/fbAQLP

exports[`Payment save page  Should match the snapshot 1`] = `ShallowWrapper {}`;
