// Jest Snapshot v1, https://goo.gl/fbAQLP

exports[`getUserInfo Should match the snapshot 1`] = `ShallowWrapper {}`;
